// Jest Snapshot v1, https://goo.gl/fbAQLP

exports[`<PieChart /> should render the component 1`] = `
<PieChart
  barCategoryGap="10%"
  barGap={4}
  cx="50%"
  cy="50%"
  endAngle={360}
  innerRadius={0}
  layout="centric"
  margin={
    Object {
      "bottom": 5,
      "left": 5,
      "right": 5,
      "top": 5,
    }
  }
  outerRadius="80%"
  reverseStackOrder={false}
  stackOffset="none"
  startAngle={0}
>
  Awesome chart
</PieChart>
`;
