// Jest Snapshot v1, https://goo.gl/fbAQLP

exports[`<TotalNumber /> should render the component with the correct number 1`] = `
<TotalNumber__TotalNumberStyled>
  100
</TotalNumber__TotalNumberStyled>
`;
