// Jest Snapshot v1, https://goo.gl/fbAQLP

exports[`IDCardStyled should render the component with default size 1`] = `
<div
  className="IDCardStyled-jhufwa ijmGkD"
/>
`;
