// Jest Snapshot v1, https://goo.gl/fbAQLP

exports[`<CellStyled /> should render the styled component as \`actual\` 1`] = `
<div
  className="sc-bdVaJa kCuAvX"
  type="actual"
/>
`;

exports[`<CellStyled /> should render the styled component as \`forecast\` 1`] = `
<div
  className="sc-bdVaJa twrwa"
  type="forecast"
/>
`;
