// Jest Snapshot v1, https://goo.gl/fbAQLP

exports[`<Switch /> Switch: should render component with given props 1`] = `
<styled.div
  active={true}
>
  <label
    htmlFor="someId"
  >
    <Text
      as="span"
    >
      Some Text
    </Text>
  </label>
  <ReactSwitch
    activeBoxShadow="0px 0px 1px 5px rgba(255, 255, 255, 0.2)"
    boxShadow={null}
    checked={true}
    checkedIcon={false}
    className="react-switch"
    disabled={true}
    height={42}
    id="someId"
    offColor="#d5d5d5"
    offHandleColor="#fff"
    onChange={[Function]}
    onColor="#f00"
    onHandleColor="#fff"
    uncheckedIcon={false}
    width={80}
  />
</styled.div>
`;

exports[`<Switch /> should render the component 1`] = `
<Switch
  colors={Object {}}
  disabled={false}
  initialValue={false}
  onChangeStatus={[Function]}
  size="sm"
  theme={
    Object {
      "borderRadius": Object {
        "giga": "5px",
        "kilo": "1px",
        "mega": "4px",
      },
      "borderWidth": Object {
        "bit": "1px",
        "byte": "2px",
      },
      "boxShadow": Object {
        "switchHandler": "0px 0px 1px 5px rgba(255, 255, 255, 0.2)",
      },
      "breakpoints": Object {
        "default": Object {
          "minWidth": 768,
        },
        "desktop": Object {
          "maxWidth": 1200,
          "minWidth": 992,
        },
        "largeDesktop": Object {
          "minWidth": 1200,
        },
        "mobile": Object {
          "maxWidth": 768,
          "minWidth": 0,
        },
        "tablet": Object {
          "maxWidth": 992,
          "minWidth": 768,
        },
      },
      "colors": Object {
        "black": "#000",
        "bodyBackground": "#292d33",
        "danger": "#a94442",
        "green100": "#c6e5cb",
        "green300": "#97e2a3",
        "green500": "#62de76",
        "green700": "#49b85b",
        "green900": "#2f903e",
        "grey100": "#96a2b0",
        "grey200": "#3f454d",
        "grey300": "#343a42",
        "grey400": "#292d33",
        "grey500": "#40464f",
        "mainBackground": "343941",
        "primary100": "#3f9bfd",
        "primary200": "#375f8a",
        "primary300": "#324e70",
        "primary400": "#96a2b0",
        "primary500": "#484e58",
        "red100": "#ffe6e1",
        "red300": "#ffaf9f",
        "red500": "#ff7559",
        "red700": "#d55a41",
        "red900": "#a94442",
        "success": "#49b85b",
        "textColor": "#fff",
        "warning": "#d4a546",
        "white": "#fff",
        "yellow100": "#f2e5cb",
        "yellow300": "#f7da9f",
        "yellow500": "#ffc859",
        "yellow700": "#d4a546",
        "yellow900": "#ab8433",
      },
      "composedSpacings": Object {
        "byte": "10px 15px",
      },
      "fontFamily": Object {
        "color": "#fff",
        "default": "\\"Open Sans\\", sans-serif",
      },
      "fontSize": Object {
        "bit": "11px",
        "byte": "13px",
        "giga": "24px",
        "kilo": "15px",
        "mega": "18px",
      },
      "fontWeight": Object {
        "bold": 700,
        "regular": 400,
        "semiBold": 600,
      },
      "grid": Object {
        "outerGutter": "10px",
      },
      "lineHeight": Object {
        "bit": 1.153,
        "byte": 1.333,
        "kilo": 1.5,
      },
      "spacings": Object {
        "bit": "1px",
        "byte": "5px",
        "giga": "20px",
        "kilo": "10px",
        "mega": "15px",
      },
      "zIndex": Object {
        "navbar": 2030,
        "select": 1090,
        "spinner": 2010,
        "spinnerOverlay": 2000,
        "tooltip": 2020,
      },
    }
  }
/>
`;
