// Jest Snapshot v1, https://goo.gl/fbAQLP

exports[`<TabButtonList /> should render the component with activeTab set as 1 1`] = `
<Fragment>
  <styled.a
    isActive={false}
    key="ComposedHorizontalTabButton-forecast"
    onClick={[Function]}
  >
    forecast
  </styled.a>
  <styled.a
    isActive={true}
    key="ComposedHorizontalTabButton-history"
    onClick={[Function]}
  >
    history
  </styled.a>
</Fragment>
`;

exports[`<TabButtonList /> should render the component with the default props 1`] = `
<Fragment>
  <styled.a
    isActive={true}
    key="ComposedHorizontalTabButton-forecast"
    onClick={[Function]}
  >
    forecast
  </styled.a>
  <styled.a
    isActive={false}
    key="ComposedHorizontalTabButton-history"
    onClick={[Function]}
  >
    history
  </styled.a>
</Fragment>
`;
