// Jest Snapshot v1, https://goo.gl/fbAQLP

exports[`AccordionItemContent should render the component 1`] = `
<AccordionItemContent__AccordionItemContentStyled>
  <p>
    test...
  </p>
</AccordionItemContent__AccordionItemContentStyled>
`;
