// Jest Snapshot v1, https://goo.gl/fbAQLP

exports[`<DrawerHeaderStyled /> should render the component 1`] = `
<div
  className="DrawerHeaderStyled-fVieIv ljGyyO"
/>
`;
