// Jest Snapshot v1, https://goo.gl/fbAQLP

exports[`<VerticalSidebarStyled /> should render the component 1`] = `
<div
  className="sc-bdVaJa bFMOCn"
/>
`;
