// Jest Snapshot v1, https://goo.gl/fbAQLP

exports[`<Pie /> should render the component 1`] = `
<Pie
  animationBegin={400}
  animationDuration={1500}
  animationEasing="ease"
  cx="50%"
  cy="50%"
  data={Array []}
  dataKey="value"
  endAngle={360}
  fill="#808080"
  hide={false}
  innerRadius={0}
  innerRadiusSize="xs"
  isAnimationActive={true}
  labelLine={true}
  legendType="rect"
  minAngle={0}
  nameKey="name"
  outerRadius="80%"
  outerRadiusSize="lg"
  paddingAngle={0}
  startAngle={0}
  stroke="#fff"
>
  Awesome Pie Chart
</Pie>
`;
