// Jest Snapshot v1, https://goo.gl/fbAQLP

exports[`<Area /> should render the component 1`] = `
<Area
  activeDot={true}
  animationBegin={0}
  animationDuration={1500}
  animationEasing="ease"
  connectNulls={false}
  dataKey="shifts"
  dot={false}
  fill="papayawhip"
  fillOpacity={0.6}
  hide={false}
  isAnimationActive={true}
  legendType="line"
  points={Array []}
  stroke="chocolate"
  strokeWidth={1}
  xAxisId={0}
  yAxisId={0}
/>
`;
