// Jest Snapshot v1, https://goo.gl/fbAQLP

exports[`RadioButtonConsumer should render the component 1`] = `
<ContextConsumer>
  <Component />
</ContextConsumer>
`;
