// Jest Snapshot v1, https://goo.gl/fbAQLP

exports[`<LargeDesktop /> should render the component 1`] = `
<MediaQuery
  minWidth={1200}
  someOtherProp={true}
  values={Object {}}
>
  Test...
</MediaQuery>
`;
